ARITHMETIC_SELF_TESTS_PASSED
UNIVERSAL_FIBRE_0_REGENERATED
UNIVERSAL_FIBRE_1_REGENERATED
UNIVERSAL_FIBRE_4_REGENERATED
UNIVERSAL_FIBRE_3_REGENERATED
UNIVERSAL_FIBRE_5_REGENERATED
UNIVERSAL_FIBRE_6_REGENERATED
UNIVERSAL_FIBRE_2_REGENERATED
UNIVERSAL_FIBRE_8_REGENERATED
UNIVERSAL_FIBRE_7_REGENERATED
UNIVERSAL_FIBRE_10_REGENERATED
UNIVERSAL_FIBRE_11_REGENERATED
UNIVERSAL_FIBRE_9_REGENERATED
UNIVERSAL_FIBRE_14_REGENERATED
UNIVERSAL_FIBRE_13_REGENERATED
UNIVERSAL_FIBRE_12_REGENERATED
UNIVERSAL_FIBRE_15_REGENERATED
UNIVERSAL_FIBRE_16_REGENERATED
UNIVERSAL_FIBRE_17_REGENERATED
UNIVERSAL_FIBRE_18_REGENERATED
UNIVERSAL_FIBRE_19_REGENERATED
UNIVERSAL_FIBRE_21_REGENERATED
UNIVERSAL_FIBRE_20_REGENERATED
UNIVERSAL_FIBRE_22_REGENERATED
UNIVERSAL_FIBRE_24_REGENERATED
UNIVERSAL_FIBRE_23_REGENERATED
UNIVERSAL_FIBRE_26_REGENERATED
UNIVERSAL_FIBRE_25_REGENERATED
UNIVERSAL_FIBRE_27_REGENERATED
UNIVERSAL_FIBRE_28_REGENERATED
UNIVERSAL_FIBRE_29_REGENERATED
UNIVERSAL_FIBRE_32_REGENERATED
UNIVERSAL_FIBRE_31_REGENERATED
UNIVERSAL_FIBRE_30_REGENERATED
UNIVERSAL_FIBRE_34_REGENERATED
UNIVERSAL_FIBRE_33_REGENERATED
CERTIFIED_FIBRES=35
ALL_NON_FIBRE_CONDITIONS_CERTIFIED=1
KG_1773_THEOREM_ACCEPTED=1
CERTIFIED_KG_LOWER=1773000000000/999999998227
REPORT=/mnt/data/KG_1773_certificate/verification_run/VERIFICATION_REPORT.json
